// Jest Snapshot v1, https://goo.gl/fbAQLP

exports[`Option renders correctly 1`] = `
<div>
  <select
    id="dishType"
    value="4"
  >
    <option>
      1
    </option>
    <option>
      2
    </option>
    <option>
      3
    </option>
  </select>
  <div />
</div>
`;
